Microsoft Windows [Version 6.1.7601]
Copyright (c) 2009 Microsoft Corporation.  All rights reserved.

C:\Users\Training Connection>cd /xampp/php

C:\xampp\php>dir php.*
 Volume in drive C is Windows XP
 Volume Serial Number is B8E6-4ACC

 Directory of C:\xampp\php

11/08/2013  10:52 AM            62,976 php.exe
11/08/2013  10:52 AM             2,523 php.gif
06/13/2014  12:36 PM            78,849 php.ini
11/08/2013  10:52 AM            72,603 php.ini-development
11/08/2013  10:52 AM            72,636 php.ini-production
               5 File(s)        289,587 bytes
               0 Dir(s)  85,927,325,696 bytes free

C:\xampp\php>php --h
Usage: php [options] [-f] <file> [--] [args...]
   php [options] -r <code> [--] [args...]
   php [options] [-B <begin_code>] -R <code> [-E <end_code>] [--] [args...]
   php [options] [-B <begin_code>] -F <file> [-E <end_code>] [--] [args...]
   php [options] -S <addr>:<port> [-t docroot]
   php [options] -- [args...]
   php [options] -a

  -a               Run interactively
  -c <path>|<file> Look for php.ini file in this directory
  -n               No php.ini file will be used
  -d foo[=bar]     Define INI entry foo with value 'bar'
  -e               Generate extended information for debugger/profiler
  -f <file>        Parse and execute <file>.
  -h               This help
  -i               PHP information
  -l               Syntax check only (lint)
  -m               Show compiled in modules
  -r <code>        Run PHP <code> without using script tags <?..?>
  -B <begin_code>  Run PHP <begin_code> before processing input lines
  -R <code>        Run PHP <code> for every input line
  -F <file>        Parse and execute <file> for every input line
  -E <end_code>    Run PHP <end_code> after processing all input lines
  -H               Hide any passed arguments from external tools.
  -S <addr>:<port> Run with built-in web server.
  -t <docroot>     Specify document root <docroot> for built-in web server.
  -s               Output HTML syntax highlighted source.
  -v               Version number
  -w               Output source with stripped comments and whitespace.
  -z <file>        Load Zend extension <file>.

  args...          Arguments passed to script. Use -- args when first argument
                   starts with - or script is read from stdin

  --ini            Show configuration file names

  --rf <name>      Show information about function <name>.
  --rc <name>      Show information about class <name>.
  --re <name>      Show information about extension <name>.
  --rz <name>      Show information about Zend extension <name>.
  --ri <name>      Show configuration for extension <name>.


C:\xampp\php>php -r "echo 'test';"
test
C:\xampp\php>php -f clitest.php
Could not open input file: clitest.php

C:\xampp\php>php -f ..\htdocs\tc7236\clitest.php
// clitest.php - command line executable script doesn't use PHP tags

echo "This space for rent.\n";
echo "Seems to be working.\n";


C:\xampp\php>php -f ..\htdocs\tc7236\clitest.php
This space for rent.
Seems to be working.

C:\xampp\php>cd \xampp\php

C:\xampp\php>php -h
Usage: php [options] [-f] <file> [--] [args...]
   php [options] -r <code> [--] [args...]
   php [options] [-B <begin_code>] -R <code> [-E <end_code>] [--] [args...]
   php [options] [-B <begin_code>] -F <file> [-E <end_code>] [--] [args...]
   php [options] -S <addr>:<port> [-t docroot]
   php [options] -- [args...]
   php [options] -a

  -a               Run interactively
  -c <path>|<file> Look for php.ini file in this directory
  -n               No php.ini file will be used
  -d foo[=bar]     Define INI entry foo with value 'bar'
  -e               Generate extended information for debugger/profiler
  -f <file>        Parse and execute <file>.
  -h               This help
  -i               PHP information
  -l               Syntax check only (lint)
  -m               Show compiled in modules
  -r <code>        Run PHP <code> without using script tags <?..?>
  -B <begin_code>  Run PHP <begin_code> before processing input lines
  -R <code>        Run PHP <code> for every input line
  -F <file>        Parse and execute <file> for every input line
  -E <end_code>    Run PHP <end_code> after processing all input lines
  -H               Hide any passed arguments from external tools.
  -S <addr>:<port> Run with built-in web server.
  -t <docroot>     Specify document root <docroot> for built-in web server.
  -s               Output HTML syntax highlighted source.
  -v               Version number
  -w               Output source with stripped comments and whitespace.
  -z <file>        Load Zend extension <file>.

  args...          Arguments passed to script. Use -- args when first argument
                   starts with - or script is read from stdin

  --ini            Show configuration file names

  --rf <name>      Show information about function <name>.
  --rc <name>      Show information about class <name>.
  --re <name>      Show information about extension <name>.
  --rz <name>      Show information about Zend extension <name>.
  --ri <name>      Show configuration for extension <name>.


C:\xampp\php>php -f ..\htdocs\tc7236\cli_import.php

Warning: file_get_contents(contacts.txt): failed to open stream: No such file or
 directory in C:\xampp\htdocs\tc7236\cli_import.php on line 8
INSERT INTO contacts (`firstname`, `lastname`, `email`) VALUES
('')
C:\xampp\php>php -r 'echo DIRECTORY_SEPARATOR;'

Parse error: syntax error, unexpected ''echo' (T_ENCAPSED_AND_WHITESPACE) in Com
mand line code on line 1

C:\xampp\php>php -r "echo DIRECTORY_SEPARATOR;"
\
C:\xampp\php>php -f ..\htdocs\tc7236\cli_import.php
INSERT INTO contacts (`firstname`, `lastname`, `email`) VALUES
('French','Stewart','stweie@gmail.com'),
('Dawn','French','damedawn@gmail.co.uk'),
('Peter','Griffin','familyguy@fox.net'),
('Jade','Wilson','wilsonjade@email.com')
C:\xampp\php>
C:\xampp\php>php -r "echo file_get_contents('http://localhost/tc7236/footer.php'
);"
        </div><!-- content -->

        <footer>
                <span>Copyright &copy; 2014 TC Class 7236. Creative Commons Lice
nse.</span>
        </footer>
</div><!-- wrapper -->


</body>
</html>
C:\xampp\php>php -f ..\htdocs\tc7236\cli_import.php
INSERT INTO contacts (`firstname`, `lastname`, `email`) VALUES ('French','Stewar
t','stweie@gmail.com')
INSERT INTO contacts (`firstname`, `lastname`, `email`) VALUES ('Dawn','French',
'damedawn@gmail.co.uk')
INSERT INTO contacts (`firstname`, `lastname`, `email`) VALUES ('Peter','Griffin
','familyguy@fox.net')
INSERT INTO contacts (`firstname`, `lastname`, `email`) VALUES ('Jade','Wilson',
'wilsonjade@email.com')
Total rows processed: 4

C:\xampp\php>php -f ..\htdocs\tc7236\cli_import.php
INSERT INTO contacts (`firstname`, `lastname`, `email`) VALUES ('French','Stewart','stweie@gmail.com
')
INSERT INTO contacts (`firstname`, `lastname`, `email`) VALUES ('Dawn','French','damedawn@gmail.co.u
k')
INSERT INTO contacts (`firstname`, `lastname`, `email`) VALUES ('Peter','Griffin','familyguy@fox.net
')
INSERT INTO contacts (`firstname`, `lastname`, `email`) VALUES ('Jade','Wilson','wilsonjade@email.co
m')
Total rows processed: 4

C:\xampp\php>php -f ..\htdocs\tc7236\cli_import.php
INSERT INTO contacts (`firstname`, `lastname`, `email`) VALUES ('French','Stewart','stweie@gmail.com')
INSERT INTO contacts (`firstname`, `lastname`, `email`) VALUES ('Dawn','French','damedawn@gmail.co.uk')
INSERT INTO contacts (`firstname`, `lastname`, `email`) VALUES ('Peter','Griffin','familyguy@fox.net')
INSERT INTO contacts (`firstname`, `lastname`, `email`) VALUES ('Jade','Wilson','wilsonjade@email.com')
Total rows processed: 4

C:\xampp\php>php -f ..\htdocs\tc7236\cli_import.php
Processing row 1...complete.
Processing row 2...complete.
Processing row 3...complete.
Processing row 4...complete.
Total rows processed: 4

C:\xampp\php>